1, 200, 50, 33, 1, 103, 92
1, 200, 50, 33, 1, 102, 82
1, 200, 50, 33, 1, 101, 75